[INFO] Scanning for projects...
[INFO] 
[INFO] ------------------< com.rodrigo:construccion-backend >------------------
[INFO] Building construccion-backend 1.0.0
[INFO] --------------------------------[ jar ]---------------------------------
[INFO] 
[INFO] --- maven-clean-plugin:3.3.2:clean (default-clean) @ construccion-backend ---
[INFO] Deleting C:\Users\Usuario\Desktop\AppConstructoras\PROYECTO MODIFICADO\backend-constructora_2\target
[INFO] 
[INFO] --- jacoco-maven-plugin:0.8.10:prepare-agent (default) @ construccion-backend ---
[INFO] argLine set to "-javaagent:C:\\Users\\Usuario\\.m2\\repository\\org\\jacoco\\org.jacoco.agent\\0.8.10\\org.jacoco.agent-0.8.10-runtime.jar=destfile=C:\\Users\\Usuario\\Desktop\\AppConstructoras\\PROYECTO MODIFICADO\\backend-constructora_2\\target\\jacoco.exec"
[INFO] 
[INFO] --- build-helper-maven-plugin:3.4.0:add-source (add-source) @ construccion-backend ---
[INFO] Source directory: C:\Users\Usuario\Desktop\AppConstructoras\PROYECTO MODIFICADO\backend-constructora_2\target\generated-sources\annotations added.
[INFO] 
[INFO] --- maven-resources-plugin:3.3.1:resources (default-resources) @ construccion-backend ---
